// Jest Snapshot v1, https://goo.gl/fbAQLP

exports[`<Table /> should render correctly in "debug" mode 1`] = `
<ContextProvider
  value={Object {}}
>
  <Table__TableStyled
    debug={true}
  />
</ContextProvider>
`;
