// Jest Snapshot v1, https://goo.gl/fbAQLP

exports[`KeyValuePairs should render correctly in "debug" mode 1`] = `<KeyValuePairs__KeyValuePairsStyled />`;
