// Jest Snapshot v1, https://goo.gl/fbAQLP

exports[`<AlertIcon /> should render correctly 1`] = `
<SvgIcon
  color="inherit"
  height="1rem"
  margin={null}
  opacity={null}
  padding={null}
  titleAccess={null}
  viewBox="0 0 24 24"
  width="1rem"
>
  <path
    d="M13,13H11V7H13M13,17H11V15H13M12,2A10,10 0 0,0 2,12A10,10 0 0,0 12,22A10,10 0 0,0 22,12A10,10 0 0,0 12,2Z"
  />
</SvgIcon>
`;
