// Jest Snapshot v1, https://goo.gl/fbAQLP

exports[`<GridIcon /> should render correctly 1`] = `
<SvgIcon
  color="inherit"
  height="1rem"
  margin={null}
  opacity={null}
  padding={null}
  titleAccess={null}
  viewBox="0 0 24 24"
  width="1rem"
>
  <path
    d="M16,20H20V16H16M16,14H20V10H16M10,8H14V4H10M16,8H20V4H16M10,14H14V10H10M4,14H8V10H4M4,20H8V16H4M10,20H14V16H10M4,8H8V4H4V8Z"
  />
</SvgIcon>
`;
