// Jest Snapshot v1, https://goo.gl/fbAQLP

exports[`<MenuIcon /> should render correctly 1`] = `
<SvgIcon
  color="inherit"
  height="1rem"
  margin={null}
  opacity={null}
  padding={null}
  titleAccess={null}
  viewBox="0 0 24 24"
  width="1rem"
>
  <path
    d="M3,6H21V8H3V6M3,11H21V13H3V11M3,16H21V18H3V16Z"
  />
</SvgIcon>
`;
